################################################################################
#                                                                              #
#      IAR Universal Linker V6.1.3.56                                          #
#                                                                              #
#           Link time     =  24/Feb/2015  03:35:25                             #
#           Target CPU    =  A90                                               #
#           List file     =  C:\GDrive\radio\my_project\dynamic_LED_thermostat #
#                            _2DS18b20\dynamic_LED_thermostat_2DS18b20_iar_dh_ #
#                            ind\Debug\List\dynamic_LED_thermostat_2DS18b20_ia #
#                            r_dh_ind.map                                      #
#           Output file 1 =  C:\GDrive\radio\my_project\dynamic_LED_thermostat #
#                            _2DS18b20\dynamic_LED_thermostat_2DS18b20_iar_dh_ #
#                            ind\Debug\Exe\dynamic_LED_thermostat_2DS18b20_iar #
#                            _dh_ind.d90                                       #
#                            Format: debug                                     #
#                            UBROF version 10.0.6                              #
#                            Using library modules for C-SPY (-rt)             #
#           Output file 2 =  C:\GDrive\radio\my_project\dynamic_LED_thermostat #
#                            _2DS18b20\dynamic_LED_thermostat_2DS18b20_iar_dh_ #
#                            ind\Debug\Exe\u7_dynamic_LED_thermostat_2DS18b20_ #
#                            iar_dh_ind.d90                                    #
#                            Format: ubrof7                                    #
#                            UBROF version 7.0.0                               #
#                            Using library modules for C-SPY (-rt)             #
#           Output file 3 =  C:\GDrive\radio\my_project\dynamic_LED_thermostat #
#                            _2DS18b20\dynamic_LED_thermostat_2DS18b20_iar_dh_ #
#                            ind\Debug\Exe\u8_dynamic_LED_thermostat_2DS18b20_ #
#                            iar_dh_ind.d90                                    #
#                            Format: ubrof8                                    #
#                            UBROF version 8.0.2                               #
#                            Using library modules for C-SPY (-rt)             #
#           Output file 4 =  C:\GDrive\radio\my_project\dynamic_LED_thermostat #
#                            _2DS18b20\dynamic_LED_thermostat_2DS18b20_iar_dh_ #
#                            ind\Debug\Exe\fl_dynamic_LED_thermostat_2DS18b20_ #
#                            iar_dh_ind.hex                                    #
#                            Format: intel-standard, variant: -y(CODE)         #
#           Output file 5 =  C:\GDrive\radio\my_project\dynamic_LED_thermostat #
#                            _2DS18b20\dynamic_LED_thermostat_2DS18b20_iar_dh_ #
#                            ind\Debug\Exe\ee_dynamic_LED_thermostat_2DS18b20_ #
#                            iar_dh_ind.eep                                    #
#                            Format: intel-standard, variant: -y(XDATA)        #
#           Command line  =  -Ointel-standard,(CODE)=C:\GDrive\radio\my_projec #
#                            t\dynamic_LED_thermostat_2DS18b20\dynamic_LED_the #
#                            rmostat_2DS18b20_iar_dh_ind\Debug\Exe\fl_dynamic_ #
#                            LED_thermostat_2DS18b20_iar_dh_ind.hex            #
#                            -Ointel-standard,(XDATA)=C:\GDrive\radio\my_proje #
#                            ct\dynamic_LED_thermostat_2DS18b20\dynamic_LED_th #
#                            ermostat_2DS18b20_iar_dh_ind\Debug\Exe\ee_dynamic #
#                            _LED_thermostat_2DS18b20_iar_dh_ind.eep           #
#                            -Oubrof7=C:\GDrive\radio\my_project\dynamic_LED_t #
#                            hermostat_2DS18b20\dynamic_LED_thermostat_2DS18b2 #
#                            0_iar_dh_ind\Debug\Exe\u7_dynamic_LED_thermostat_ #
#                            2DS18b20_iar_dh_ind.d90                           #
#                            -Oubrof8=C:\GDrive\radio\my_project\dynamic_LED_t #
#                            hermostat_2DS18b20\dynamic_LED_thermostat_2DS18b2 #
#                            0_iar_dh_ind\Debug\Exe\u8_dynamic_LED_thermostat_ #
#                            2DS18b20_iar_dh_ind.d90                           #
#                            -we183                                            #
#                            C:\GDrive\radio\my_project\dynamic_LED_thermostat #
#                            _2DS18b20\dynamic_LED_thermostat_2DS18b20_iar_dh_ #
#                            ind\Debug\Obj\1-wire.r90                          #
#                            C:\GDrive\radio\my_project\dynamic_LED_thermostat #
#                            _2DS18b20\dynamic_LED_thermostat_2DS18b20_iar_dh_ #
#                            ind\Debug\Obj\CRC.r90                             #
#                            C:\GDrive\radio\my_project\dynamic_LED_thermostat #
#                            _2DS18b20\dynamic_LED_thermostat_2DS18b20_iar_dh_ #
#                            ind\Debug\Obj\ds18b20.r90                         #
#                            C:\GDrive\radio\my_project\dynamic_LED_thermostat #
#                            _2DS18b20\dynamic_LED_thermostat_2DS18b20_iar_dh_ #
#                            ind\Debug\Obj\EERTOS.r90                          #
#                            C:\GDrive\radio\my_project\dynamic_LED_thermostat #
#                            _2DS18b20\dynamic_LED_thermostat_2DS18b20_iar_dh_ #
#                            ind\Debug\Obj\EERTOSHAL.r90                       #
#                            C:\GDrive\radio\my_project\dynamic_LED_thermostat #
#                            _2DS18b20\dynamic_LED_thermostat_2DS18b20_iar_dh_ #
#                            ind\Debug\Obj\HAL.r90                             #
#                            C:\GDrive\radio\my_project\dynamic_LED_thermostat #
#                            _2DS18b20\dynamic_LED_thermostat_2DS18b20_iar_dh_ #
#                            ind\Debug\Obj\indicator_2f.r90                    #
#                            C:\GDrive\radio\my_project\dynamic_LED_thermostat #
#                            _2DS18b20\dynamic_LED_thermostat_2DS18b20_iar_dh_ #
#                            ind\Debug\Obj\main.r90                            #
#                            C:\GDrive\radio\my_project\dynamic_LED_thermostat #
#                            _2DS18b20\dynamic_LED_thermostat_2DS18b20_iar_dh_ #
#                            ind\Debug\Obj\serial.r90                          #
#                            -o                                                #
#                            C:\GDrive\radio\my_project\dynamic_LED_thermostat #
#                            _2DS18b20\dynamic_LED_thermostat_2DS18b20_iar_dh_ #
#                            ind\Debug\Exe\dynamic_LED_thermostat_2DS18b20_iar #
#                            _dh_ind.d90                                       #
#                            -l                                                #
#                            C:\GDrive\radio\my_project\dynamic_LED_thermostat #
#                            _2DS18b20\dynamic_LED_thermostat_2DS18b20_iar_dh_ #
#                            ind\Debug\List\dynamic_LED_thermostat_2DS18b20_ia #
#                            r_dh_ind.map                                      #
#                            -xmsnio                                           #
#                            "-IC:\Program Files (x86)\IAR Systems\Embedded Wo #
#                            rkbench 7.0\avr\LIB\"                             #
#                            -f                                                #
#                            "C:\Program Files (x86)\IAR Systems\Embedded Work #
#                            bench 7.0\avr\src\template\cfgm8a.xcl"            #
#                            (-D_..X_INTVEC_SIZE=26 -D_..X_FLASH_NEND=1FFF     #
#                            -D_..X_FLASH_END=1FFF -D_..X_SRAM_BASE=60         #
#                            -D_..X_SRAM_TBASE=_..X_SRAM_BASE                  #
#                            -D_..X_SRAM_TSIZE=(100-_..X_SRAM_BASE)            #
#                            -D_..X_SRAM_END=45F                               #
#                            -D_..X_EXT_SRAM_BASE=_..X_SRAM_END                #
#                            -D_..X_EXT_SRAM_SIZE=0                            #
#                            -D_..X_EXT_ROM_BASE=_..X_SRAM_END                 #
#                            -D_..X_EXT_ROM_SIZE=0                             #
#                            -D_..X_EXT_NV_BASE=_..X_SRAM_END                  #
#                            -D_..X_EXT_NV_SIZE=0 -D_..X_EEPROM_END=1FF        #
#                            -D_..X_EEPROM_START=0) -D_..X_HEAP_SIZE=0         #
#                            -D_..X_TINY_HEAP_SIZE=10                          #
#                            -D_..X_NEAR_HEAP_SIZE=20 -D_..X_FAR_HEAP_SIZE=0   #
#                            -D_..X_HUGE_HEAP_SIZE=0 -D_..X_CSTACK_SIZE=28     #
#                            -D_..X_RSTACK_SIZE=20                             #
#                            -D_..X_FLASH_CODE_END=_..X_FLASH_END -f           #
#                            "C:\Program Files (x86)\IAR Systems\Embedded Work #
#                            bench 7.0\avr\src\template\cfg1toim.xcl"          #
#                            (-ca90 -w29                                       #
#                            -Z(CODE)INTVEC=0-(_..X_INTVEC_SIZE-1)             #
#                            -Z(CODE)TINY_F=_..X_FLASH_BASE-FF                 #
#                            -Z(CODE)NEAR_F=_..X_FLASH_BASE-_..X_FLASH_END     #
#                            -Z(CODE)SWITCH=_..X_FLASH_BASE-_..X_FLASH_END     #
#                            -Z(CODE)INITTAB=_..X_FLASH_BASE-_..X_FLASH_END    #
#                            -Z(CODE)DIFUNCT=_..X_FLASH_BASE-_..X_FLASH_END    #
#                            -Z(CODE)CODE=_..X_FLASH_BASE-_..X_FLASH_END       #
#                            -Z(CODE)TINY_ID=_..X_FLASH_BASE-_..X_FLASH_END    #
#                            -Z(CODE)NEAR_ID=_..X_FLASH_BASE-_..X_FLASH_END    #
#                            -Z(CODE)CHECKSUM#_..X_FLASH_END                   #
#                            -Z(DATA)TINY_I,TINY_Z,TINY_N=_..X_SRAM_TBASE:+_.. #
#                            X_SRAM_TSIZE                                      #
#                            -Z(DATA)CSTACK+_..X_CSTACK_SIZE=_..X_SRAM_TBASE:+ #
#                            _..X_SRAM_TSIZE                                   #
#                            -Z(DATA)HEAP+_..X_HEAP_SIZE=_..X_SRAM_TBASE:+_..X #
#                            _SRAM_TSIZE                                       #
#                            -Z(DATA)IOSTREAM_N#_..X_SRAM_TBASE:+_..X_SRAM_TSI #
#                            ZE                                                #
#                            -Z(DATA)TINY_HEAP+_..X_TINY_HEAP_SIZE=_..X_SRAM_T #
#                            BASE:+_..X_SRAM_TSIZE                             #
#                            -Z(DATA)RSTACK+_..X_RSTACK_SIZE=_..X_RSTACK_BASE- #
#                            _..X_RSTACK_END                                   #
#                            -Z(DATA)NEAR_I,NEAR_Z=_..X_SRAM_BASE-_..X_SRAM_EN #
#                            D                                                 #
#                            -Z(DATA)NEAR_HEAP+_..X_NEAR_HEAP_SIZE=_..X_SRAM_B #
#                            ASE-_..X_SRAM_END                                 #
#                            -Z(DATA)NEAR_N=_..X_SRAM_BASE-_..X_SRAM_END       #
#                            -Z(XDATA)EEPROM_I,EEPROM_N=_..X_EEPROM_START-_..X #
#                            _EEPROM_END)                                      #
#                            -D_..X_FLASH_BASE=_..X_INTVEC_SIZE -H1895         #
#                            -h(CODE)0-(_..X_INTVEC_SIZE-1)                    #
#                            -D_..X_RSTACK_BASE=_..X_SRAM_BASE                 #
#                            -D_..X_RSTACK_END=_..X_SRAM_END -rt -s            #
#                            __program_start                                   #
#                            "C:\Program Files (x86)\IAR Systems\Embedded Work #
#                            bench 7.0\avr\LIB\DLIB\dlAVR-1t-ec_mul-n.r90"     #
#                            -e_PrintfLarge=_Printf -e_ScanfLarge=_Scanf       #
#                                                                              #
#                           Copyright (C) 1987-2014 IAR Systems AB.            #
################################################################################





                ****************************************
                *                                      *
                *           CROSS REFERENCE            *
                *                                      *
                ****************************************

       Program entry at : CODE      00000000  Relocatable, from module : ?RESET




                ****************************************
                *                                      *
                *            RUNTIME MODEL             *
                *                                      *
                ****************************************

  R10                        = REG
  R11                        = REG
  R12                        = REG
  R13                        = REG
  R14                        = REG
  R15                        = REG
  R4                         = REG
  R5                         = REG
  R6                         = REG
  R7                         = REG
  R8                         = REG
  R9                         = REG
  __64bit_doubles            = disabled
  __Heap_Handler             = Basic
  __SystemLibrary            = DLib
  __cpu                      = 1
  __cpu_name                 = ATmega8A
  __dlib_file_descriptor     = 0
  __dlib_full_locale_support = 0
  __enhanced_core            = enabled
  __has_elpm                 = false
  __memory_model             = 1
  __rt_version               = 3
  __tiny_avr                 = false

                ****************************************
                *                                      *
                *    AUTOMATIC SYMBOL REDIRECTIONS     *
                *                                      *
                ****************************************

                  There are no automatic symbol redirections.



                ****************************************
                *                                      *
                *              MODULE MAP              *
                *                                      *
                ****************************************


  DEFINED ABSOLUTE ENTRIES
  PROGRAM MODULE, NAME : ?ABS_ENTRY_MOD

Absolute parts
           ENTRY                   ADDRESS         REF BY
           =====                   =======         ======
           _..X_RSTACK_END         0000045F 
           _..X_RSTACK_BASE        00000060 
           _..X_FLASH_BASE         00000026 
           _..X_FLASH_CODE_END     00001FFF 
           _..X_RSTACK_SIZE        00000020 
           _..X_CSTACK_SIZE        00000028 
           _..X_HUGE_HEAP_SIZE     00000000 
           _..X_FAR_HEAP_SIZE      00000000 
           _..X_NEAR_HEAP_SIZE     00000020 
           _..X_TINY_HEAP_SIZE     00000010 
           _..X_HEAP_SIZE          00000000 
           _..X_EEPROM_START       00000000 
           _..X_EEPROM_END         000001FF 
           _..X_EXT_NV_SIZE        00000000 
           _..X_EXT_NV_BASE        0000045F 
           _..X_EXT_ROM_SIZE       00000000 
           _..X_EXT_ROM_BASE       0000045F 
           _..X_EXT_SRAM_SIZE      00000000 
           _..X_EXT_SRAM_BASE      0000045F 
           _..X_SRAM_END           0000045F 
           _..X_SRAM_TSIZE         000000A0 
           _..X_SRAM_TBASE         00000060 
           _..X_SRAM_BASE          00000060 
           _..X_FLASH_END          00001FFF 
           _..X_FLASH_NEND         00001FFF 
           _..X_INTVEC_SIZE        00000026 
    *************************************************************************

  FILE NAME : C:\GDrive\radio\my_project\dynamic_LED_thermostat_2DS18b20\dynamic_LED_thermostat_2DS18b20_iar_dh_ind\Debug\Obj\1-wire.r90
  PROGRAM MODULE, NAME : 1-wire

  SEGMENTS IN THE MODULE
  ======================
ABSOLUTE
  Relative segment, address: DATA 00000030 - 00000030 (0x1 bytes), align: 0
  Segment part 1. ROOT        Intra module refs:   One_Wire_Read_Bit
                                                   One_Wire_Reset
           ENTRY                   ADDRESS         REF BY
           =====                   =======         ======
           _A_PIND                 00000030 
           LOCAL                   ADDRESS         
           =====                   =======         
           PIND                    00000030 
    -------------------------------------------------------------------------
ABSOLUTE
  Relative segment, address: DATA 00000031 - 00000031 (0x1 bytes), align: 0
  Segment part 2. ROOT        Intra module refs:   IND_Init (indicator_2f)
                                                   One_Wire_Read_Bit
                                                   One_Wire_Reset
                                                   One_Wire_Write_Bit
           ENTRY                   ADDRESS         REF BY
           =====                   =======         ======
           _A_DDRD                 00000031 
           LOCAL                   ADDRESS         
           =====                   =======         
           DDRD                    00000031 
    -------------------------------------------------------------------------
ABSOLUTE
  Relative segment, address: DATA 00000032 - 00000032 (0x1 bytes), align: 0
  Segment part 3. ROOT        Intra module refs:   IND_Init (indicator_2f)
                                                   IND_Update (indicator_2f)
                                                   One_Wire_Read_Bit
                                                   One_Wire_Reset
                                                   One_Wire_Write_Bit
           ENTRY                   ADDRESS         REF BY
           =====                   =======         ======
           _A_PORTD                00000032 
           LOCAL                   ADDRESS         
           =====                   =======         
           PORTD                   00000032 
    -------------------------------------------------------------------------
CODE
  Relative segment, address: CODE 00000032 - 0000007D (0x4c bytes), align: 1
  Segment part 10.
           ENTRY                   ADDRESS         REF BY
           =====                   =======         ======
           One_Wire_Reset          00000032        DS18B20_Get_Conversion_Result_by_ROM_CRC (ds18b20)
                                                   DS18B20_Search_Rom (ds18b20)
                                                   DS18B20_Start_Conversion_Skip_Rom (ds18b20)
               RSTACK = 00000000 ( 00000002 )
    -------------------------------------------------------------------------
CODE
  Relative segment, address: CODE 0000007E - 0000009F (0x22 bytes), align: 1
  Segment part 11.
           ENTRY                   ADDRESS         REF BY
           =====                   =======         ======
           One_Wire_Write_Byte     0000007E        DS18B20_Get_Conversion_Result_by_ROM_CRC (ds18b20)
                                                   DS18B20_Search_Rom (ds18b20)
                                                   DS18B20_Start_Conversion_Skip_Rom (ds18b20)
               calls direct
               RSTACK = 00000000 ( 00000004 )
               CSTACK = 00000000 ( 00000002 )
    -------------------------------------------------------------------------
CODE
  Relative segment, address: CODE 000000A0 - 000000C7 (0x28 bytes), align: 1
  Segment part 12.            Intra module refs:   One_Wire_Write_Byte
           ENTRY                   ADDRESS         REF BY
           =====                   =======         ======
           One_Wire_Write_Bit      000000A0        DS18B20_Search_Rom (ds18b20)
               RSTACK = 00000000 ( 00000002 )
    -------------------------------------------------------------------------
CODE
  Relative segment, address: CODE 000000C8 - 000000EB (0x24 bytes), align: 1
  Segment part 13.
           ENTRY                   ADDRESS         REF BY
           =====                   =======         ======
           One_Wire_Read_Byte      000000C8        DS18B20_Get_Conversion_Result_by_ROM_CRC (ds18b20)
                                                   DS18B20_Start_Conversion_Skip_Rom (ds18b20)
               calls direct
               RSTACK = 00000000 ( 00000004 )
               CSTACK = 00000000 ( 00000002 )
    -------------------------------------------------------------------------
CODE
  Relative segment, address: CODE 000000EC - 00000115 (0x2a bytes), align: 1
  Segment part 14.            Intra module refs:   One_Wire_Read_Byte
           ENTRY                   ADDRESS         REF BY
           =====                   =======         ======
           One_Wire_Read_Bit       000000EC        DS18B20_Search_Rom (ds18b20)
               RSTACK = 00000000 ( 00000002 )
    -------------------------------------------------------------------------
ABSOLUTE
  Relative segment, address: DATA 0000001C, align: 0
  Segment part 4. ROOT 
           ENTRY                   ADDRESS         REF BY
           =====                   =======         ======
           __?EECR                 0000001C 
    -------------------------------------------------------------------------
ABSOLUTE
  Relative segment, address: DATA 0000001D, align: 0
  Segment part 5. ROOT 
           ENTRY                   ADDRESS         REF BY
           =====                   =======         ======
           __?EEDR                 0000001D 
    -------------------------------------------------------------------------
ABSOLUTE
  Relative segment, address: DATA 0000001E, align: 0
  Segment part 6. ROOT 
           ENTRY                   ADDRESS         REF BY
           =====                   =======         ======
           __?EEARL                0000001E 
    -------------------------------------------------------------------------
ABSOLUTE
  Relative segment, address: DATA 0000001F, align: 0
  Segment part 7. ROOT 
           ENTRY                   ADDRESS         REF BY
           =====                   =======         ======
           __?EEARH                0000001F 
    -------------------------------------------------------------------------
CSTACK
  Segment part 8. NOT NEEDED.
    -------------------------------------------------------------------------
RSTACK
  Segment part 9. NOT NEEDED.

    *************************************************************************

  FILE NAME : C:\GDrive\radio\my_project\dynamic_LED_thermostat_2DS18b20\dynamic_LED_thermostat_2DS18b20_iar_dh_ind\Debug\Obj\CRC.r90
  PROGRAM MODULE, NAME : CRC

  SEGMENTS IN THE MODULE
  ======================
CODE
  Relative segment, address: CODE 00000116 - 00000147 (0x32 bytes), align: 1
  Segment part 7.
           ENTRY                   ADDRESS         REF BY
           =====                   =======         ======
           Crc8Dallas              00000116        DS18B20_Get_Conversion_Result_by_ROM_CRC (ds18b20)
               RSTACK = 00000000 ( 00000002 )
    -------------------------------------------------------------------------
CODE
  Segment part 8. NOT NEEDED.
           ENTRY                   ADDRESS         REF BY
           =====                   =======         ======
           Crc8                    
    -------------------------------------------------------------------------
ABSOLUTE
  Segment part 1. TENTATIVE. Used definition from 1-wire
           ENTRY                   ADDRESS         REF BY
           =====                   =======         ======
           __?EECR                 
    -------------------------------------------------------------------------
ABSOLUTE
  Segment part 2. TENTATIVE. Used definition from 1-wire
           ENTRY                   ADDRESS         REF BY
           =====                   =======         ======
           __?EEDR                 
    -------------------------------------------------------------------------
ABSOLUTE
  Segment part 3. TENTATIVE. Used definition from 1-wire
           ENTRY                   ADDRESS         REF BY
           =====                   =======         ======
           __?EEARL                
    -------------------------------------------------------------------------
ABSOLUTE
  Segment part 4. TENTATIVE. Used definition from 1-wire
           ENTRY                   ADDRESS         REF BY
           =====                   =======         ======
           __?EEARH                
    -------------------------------------------------------------------------
CSTACK
  Segment part 5. NOT NEEDED.
    -------------------------------------------------------------------------
RSTACK
  Segment part 6. NOT NEEDED.

    *************************************************************************

  FILE NAME : C:\GDrive\radio\my_project\dynamic_LED_thermostat_2DS18b20\dynamic_LED_thermostat_2DS18b20_iar_dh_ind\Debug\Obj\ds18b20.r90
  PROGRAM MODULE, NAME : ds18b20

  SEGMENTS IN THE MODULE
  ======================
CODE
  Segment part 7. NOT NEEDED.
           ENTRY                   ADDRESS         REF BY
           =====                   =======         ======
           DS18B20_Start_Conversion_by_ROM
                                   
               calls direct
    -------------------------------------------------------------------------
CODE
  Relative segment, address: CODE 00000148 - 00000243 (0xfc bytes), align: 1
  Segment part 8.
           ENTRY                   ADDRESS         REF BY
           =====                   =======         ======
           DS18B20_Search_Rom      00000148        Search_ds18b20 (main)
               calls direct
               RSTACK = 00000000 ( 00000004 )
               CSTACK = 00000000 ( 00000012 )
    -------------------------------------------------------------------------
CODE
  Relative segment, address: CODE 00000244 - 000002A9 (0x66 bytes), align: 1
  Segment part 9.
           ENTRY                   ADDRESS         REF BY
           =====                   =======         ======
           DS18B20_Get_Conversion_Result_by_ROM_CRC
                                   00000244        Get_Result_ds18b20 (main)
               calls direct
               RSTACK = 00000000 ( 00000002 )
               CSTACK = 00000000 ( 0000000C )
    -------------------------------------------------------------------------
CODE
  Relative segment, address: CODE 000002AA - 000002C5 (0x1c bytes), align: 1
  Segment part 10.
           ENTRY                   ADDRESS         REF BY
           =====                   =======         ======
           DS18B20_Start_Conversion_Skip_Rom
                                   000002AA        Start_Conversion_ds18b20 (main)
               calls direct
               RSTACK = 00000000 ( 00000002 )
    -------------------------------------------------------------------------
ABSOLUTE
  Segment part 1. TENTATIVE. Used definition from 1-wire
           ENTRY                   ADDRESS         REF BY
           =====                   =======         ======
           __?EECR                 
    -------------------------------------------------------------------------
ABSOLUTE
  Segment part 2. TENTATIVE. Used definition from 1-wire
           ENTRY                   ADDRESS         REF BY
           =====                   =======         ======
           __?EEDR                 
    -------------------------------------------------------------------------
ABSOLUTE
  Segment part 3. TENTATIVE. Used definition from 1-wire
           ENTRY                   ADDRESS         REF BY
           =====                   =======         ======
           __?EEARL                
    -------------------------------------------------------------------------
ABSOLUTE
  Segment part 4. TENTATIVE. Used definition from 1-wire
           ENTRY                   ADDRESS         REF BY
           =====                   =======         ======
           __?EEARH                
    -------------------------------------------------------------------------
CSTACK
  Segment part 5. NOT NEEDED.
    -------------------------------------------------------------------------
RSTACK
  Segment part 6. NOT NEEDED.

    *************************************************************************

  FILE NAME : C:\GDrive\radio\my_project\dynamic_LED_thermostat_2DS18b20\dynamic_LED_thermostat_2DS18b20_iar_dh_ind\Debug\Obj\EERTOS.r90
  PROGRAM MODULE, NAME : EERTOS

  SEGMENTS IN THE MODULE
  ======================
TINY_Z
  Relative segment, address: DATA 0000006A - 0000007F (0x16 bytes), align: 0
  Segment part 7.             Intra module refs:   InitRTOS
                                                   SetTask
                                                   TaskManager
           LOCAL                   ADDRESS         
           =====                   =======         
           TaskQueue               0000006A 
    -------------------------------------------------------------------------
TINY_Z
  Relative segment, address: DATA 00000080 - 00000097 (0x18 bytes), align: 0
  Segment part 9.             Intra module refs:   InitRTOS
                                                   SetTimerTask
                                                   TimerService
           LOCAL                   ADDRESS         
           =====                   =======         
           MainTimer               00000080 
    -------------------------------------------------------------------------
CODE
  Relative segment, address: CODE 000002C6 - 00000311 (0x4c bytes), align: 1
  Segment part 10.
           ENTRY                   ADDRESS         REF BY
           =====                   =======         ======
           InitRTOS                000002C6        main (main)
               RSTACK = 00000000 ( 00000002 )
    -------------------------------------------------------------------------
CODE
  Relative segment, address: CODE 00000312 - 00000313 (0x2 bytes), align: 1
  Segment part 11.            Intra module refs:   InitRTOS
                                                   SetTask
                                                   SetTimerTask
                                                   TaskManager
                                                   TimerService
           ENTRY                   ADDRESS         REF BY
           =====                   =======         ======
           Idle                    00000312 
               RSTACK = 00000000 ( 00000002 )
    -------------------------------------------------------------------------
CODE
  Relative segment, address: CODE 00000314 - 0000034D (0x3a bytes), align: 1
  Segment part 12.            Intra module refs:   TimerService
           ENTRY                   ADDRESS         REF BY
           =====                   =======         ======
           SetTask                 00000314        main (main)
               RSTACK = 00000000 ( 00000002 )
    -------------------------------------------------------------------------
CODE
  Relative segment, address: CODE 0000034E - 000003C9 (0x7c bytes), align: 1
  Segment part 13.
           ENTRY                   ADDRESS         REF BY
           =====                   =======         ======
           SetTimerTask            0000034E        Get_Result_ds18b20 (main)
                                                   Search_ds18b20 (main)
                                                   Show_Temp1 (main)
                                                   Show_Temp2 (main)
                                                   Start_Conversion_ds18b20 (main)
                                                   Update_7SegmentIND (main)
               RSTACK = 00000000 ( 00000002 )
    -------------------------------------------------------------------------
CODE
  Segment part 14. NOT NEEDED.
           ENTRY                   ADDRESS         REF BY
           =====                   =======         ======
           DelTimerTask            
    -------------------------------------------------------------------------
CODE
  Relative segment, address: CODE 000003CA - 0000041D (0x54 bytes), align: 1
  Segment part 15.
           ENTRY                   ADDRESS         REF BY
           =====                   =======         ======
           TaskManager             000003CA        main (main)
               calls direct and indirect
               RSTACK = 00000000 ( 00000002 )
    -------------------------------------------------------------------------
CODE
  Relative segment, address: CODE 0000041E - 00000495 (0x78 bytes), align: 1
  Segment part 16.
           ENTRY                   ADDRESS         REF BY
           =====                   =======         ======
           TimerService            0000041E        RTOS_ISR_func (main)
               calls direct
               RSTACK = 00000000 ( 00000002 )
               CSTACK = 00000000 ( 00000001 )
    -------------------------------------------------------------------------
ABSOLUTE
  Segment part 1. TENTATIVE. Used definition from 1-wire
           ENTRY                   ADDRESS         REF BY
           =====                   =======         ======
           __?EECR                 
    -------------------------------------------------------------------------
ABSOLUTE
  Segment part 2. TENTATIVE. Used definition from 1-wire
           ENTRY                   ADDRESS         REF BY
           =====                   =======         ======
           __?EEDR                 
    -------------------------------------------------------------------------
ABSOLUTE
  Segment part 3. TENTATIVE. Used definition from 1-wire
           ENTRY                   ADDRESS         REF BY
           =====                   =======         ======
           __?EEARL                
    -------------------------------------------------------------------------
ABSOLUTE
  Segment part 4. TENTATIVE. Used definition from 1-wire
           ENTRY                   ADDRESS         REF BY
           =====                   =======         ======
           __?EEARH                
    -------------------------------------------------------------------------
CSTACK
  Segment part 5. NOT NEEDED.
    -------------------------------------------------------------------------
RSTACK
  Segment part 6. NOT NEEDED.
    -------------------------------------------------------------------------
INITTAB
  Relative segment, address: CODE 00000026 - 0000002B (0x6 bytes), align: 0
  Segment part 8.             Intra module refs:   IND_Update::count (indicator_2f)
                                                   MainTimer
                                                   TaskQueue
                                                   devices (main)
                                                   i (main)
                                                   ind_buf (indicator_2f)
                                                   result (main)
                                                   rom_codes (main)
                                                   temper (main)
           ENTRY                   ADDRESS         REF BY
           =====                   =======         ======
           ?<Segment init: TINY_Z>
                                   00000026 

    *************************************************************************

  FILE NAME : C:\GDrive\radio\my_project\dynamic_LED_thermostat_2DS18b20\dynamic_LED_thermostat_2DS18b20_iar_dh_ind\Debug\Obj\EERTOSHAL.r90
  PROGRAM MODULE, NAME : EERTOSHAL

  SEGMENTS IN THE MODULE
  ======================
ABSOLUTE
  Relative segment, address: DATA 00000043 - 00000043 (0x1 bytes), align: 0
  Segment part 1. ROOT        Intra module refs:   RunRTOS
           ENTRY                   ADDRESS         REF BY
           =====                   =======         ======
           _A_OCR2                 00000043 
           LOCAL                   ADDRESS         
           =====                   =======         
           OCR2                    00000043 
    -------------------------------------------------------------------------
ABSOLUTE
  Relative segment, address: DATA 00000044 - 00000044 (0x1 bytes), align: 0
  Segment part 2. ROOT        Intra module refs:   RunRTOS
           ENTRY                   ADDRESS         REF BY
           =====                   =======         ======
           _A_TCNT2                00000044 
           LOCAL                   ADDRESS         
           =====                   =======         
           TCNT2                   00000044 
    -------------------------------------------------------------------------
ABSOLUTE
  Relative segment, address: DATA 00000045 - 00000045 (0x1 bytes), align: 0
  Segment part 3. ROOT        Intra module refs:   RunRTOS
           ENTRY                   ADDRESS         REF BY
           =====                   =======         ======
           _A_TCCR2                00000045 
           LOCAL                   ADDRESS         
           =====                   =======         
           TCCR2                   00000045 
    -------------------------------------------------------------------------
ABSOLUTE
  Relative segment, address: DATA 00000059 - 00000059 (0x1 bytes), align: 0
  Segment part 4. ROOT        Intra module refs:   RunRTOS
           ENTRY                   ADDRESS         REF BY
           =====                   =======         ======
           _A_TIMSK                00000059 
           LOCAL                   ADDRESS         
           =====                   =======         
           TIMSK                   00000059 
    -------------------------------------------------------------------------
CODE
  Relative segment, address: CODE 00000496 - 000004A9 (0x14 bytes), align: 1
  Segment part 11.
           ENTRY                   ADDRESS         REF BY
           =====                   =======         ======
           RunRTOS                 00000496        main (main)
               RSTACK = 00000000 ( 00000002 )
    -------------------------------------------------------------------------
ABSOLUTE
  Segment part 5. TENTATIVE. Used definition from 1-wire
           ENTRY                   ADDRESS         REF BY
           =====                   =======         ======
           __?EECR                 
    -------------------------------------------------------------------------
ABSOLUTE
  Segment part 6. TENTATIVE. Used definition from 1-wire
           ENTRY                   ADDRESS         REF BY
           =====                   =======         ======
           __?EEDR                 
    -------------------------------------------------------------------------
ABSOLUTE
  Segment part 7. TENTATIVE. Used definition from 1-wire
           ENTRY                   ADDRESS         REF BY
           =====                   =======         ======
           __?EEARL                
    -------------------------------------------------------------------------
ABSOLUTE
  Segment part 8. TENTATIVE. Used definition from 1-wire
           ENTRY                   ADDRESS         REF BY
           =====                   =======         ======
           __?EEARH                
    -------------------------------------------------------------------------
CSTACK
  Segment part 9. NOT NEEDED.
    -------------------------------------------------------------------------
RSTACK
  Segment part 10. NOT NEEDED.

    *************************************************************************

  FILE NAME : C:\GDrive\radio\my_project\dynamic_LED_thermostat_2DS18b20\dynamic_LED_thermostat_2DS18b20_iar_dh_ind\Debug\Obj\HAL.r90
  PROGRAM MODULE, NAME : HAL

  SEGMENTS IN THE MODULE
  ======================
ABSOLUTE
  Relative segment, address: DATA 00000034 - 00000034 (0x1 bytes), align: 0
  Segment part 1. ROOT        Intra module refs:   InitAll
           ENTRY                   ADDRESS         REF BY
           =====                   =======         ======
           _A_DDRC                 00000034 
           LOCAL                   ADDRESS         
           =====                   =======         
           DDRC                    00000034 
    -------------------------------------------------------------------------
ABSOLUTE
  Relative segment, address: DATA 00000035 - 00000035 (0x1 bytes), align: 0
  Segment part 2. ROOT        Intra module refs:   InitAll
           ENTRY                   ADDRESS         REF BY
           =====                   =======         ======
           _A_PORTC                00000035 
           LOCAL                   ADDRESS         
           =====                   =======         
           PORTC                   00000035 
    -------------------------------------------------------------------------
CODE
  Relative segment, address: CODE 000004AA - 000004B3 (0xa bytes), align: 1
  Segment part 9.
           ENTRY                   ADDRESS         REF BY
           =====                   =======         ======
           InitAll                 000004AA        main (main)
               RSTACK = 00000000 ( 00000002 )
    -------------------------------------------------------------------------
ABSOLUTE
  Segment part 3. TENTATIVE. Used definition from 1-wire
           ENTRY                   ADDRESS         REF BY
           =====                   =======         ======
           __?EECR                 
    -------------------------------------------------------------------------
ABSOLUTE
  Segment part 4. TENTATIVE. Used definition from 1-wire
           ENTRY                   ADDRESS         REF BY
           =====                   =======         ======
           __?EEDR                 
    -------------------------------------------------------------------------
ABSOLUTE
  Segment part 5. TENTATIVE. Used definition from 1-wire
           ENTRY                   ADDRESS         REF BY
           =====                   =======         ======
           __?EEARL                
    -------------------------------------------------------------------------
ABSOLUTE
  Segment part 6. TENTATIVE. Used definition from 1-wire
           ENTRY                   ADDRESS         REF BY
           =====                   =======         ======
           __?EEARH                
    -------------------------------------------------------------------------
CSTACK
  Segment part 7. NOT NEEDED.
    -------------------------------------------------------------------------
RSTACK
  Segment part 8. NOT NEEDED.

    *************************************************************************

  FILE NAME : C:\GDrive\radio\my_project\dynamic_LED_thermostat_2DS18b20\dynamic_LED_thermostat_2DS18b20_iar_dh_ind\Debug\Obj\indicator_2f.r90
  PROGRAM MODULE, NAME : indicator_2f

  SEGMENTS IN THE MODULE
  ======================
ABSOLUTE
  Segment part 1. TENTATIVE. Used definition from 1-wire
           ENTRY                   ADDRESS         REF BY
           =====                   =======         ======
           _A_DDRD                 
           LOCAL                   ADDRESS         
           =====                   =======         
           DDRD                    00000031 
    -------------------------------------------------------------------------
ABSOLUTE
  Segment part 2. TENTATIVE. Used definition from 1-wire
           ENTRY                   ADDRESS         REF BY
           =====                   =======         ======
           _A_PORTD                
           LOCAL                   ADDRESS         
           =====                   =======         
           PORTD                   00000032 
    -------------------------------------------------------------------------
ABSOLUTE
  Relative segment, address: DATA 00000037 - 00000037 (0x1 bytes), align: 0
  Segment part 3. ROOT        Intra module refs:   IND_Init
           ENTRY                   ADDRESS         REF BY
           =====                   =======         ======
           _A_DDRB                 00000037 
           LOCAL                   ADDRESS         
           =====                   =======         
           DDRB                    00000037 
    -------------------------------------------------------------------------
ABSOLUTE
  Relative segment, address: DATA 00000038 - 00000038 (0x1 bytes), align: 0
  Segment part 4. ROOT        Intra module refs:   IND_Init
                                                   IND_Update
           ENTRY                   ADDRESS         REF BY
           =====                   =======         ======
           _A_PORTB                00000038 
           LOCAL                   ADDRESS         
           =====                   =======         
           PORTB                   00000038 
    -------------------------------------------------------------------------
TINY_Z
  Relative segment, address: DATA 00000098 - 0000009B (0x4 bytes), align: 0
  Segment part 11.            Intra module refs:   IND_Comma
                                                   IND_Conv
                                                   IND_Init
                                                   IND_OutInt
                                                   IND_Update
           ENTRY                   ADDRESS         REF BY
           =====                   =======         ======
           ind_buf                 00000098 
    -------------------------------------------------------------------------
TINY_I
  Relative segment, address: DATA 00000060 - 00000069 (0xa bytes), align: 0
  Segment part 13.            Intra module refs:   IND_Comma
                                                   IND_Conv
           ENTRY                   ADDRESS         REF BY
           =====                   =======         ======
           number                  00000060 
    -------------------------------------------------------------------------
NEAR_F
  Segment part 16. NOT NEEDED.
           ENTRY                   ADDRESS         REF BY
           =====                   =======         ======
           sym                     
    -------------------------------------------------------------------------
CODE
  Relative segment, address: CODE 000004B4 - 000004F9 (0x46 bytes), align: 1
  Segment part 18.
           ENTRY                   ADDRESS         REF BY
           =====                   =======         ======
           IND_Init                000004B4        main (main)
               RSTACK = 00000000 ( 00000002 )
    -------------------------------------------------------------------------
CODE
  Relative segment, address: CODE 000004FA - 0000054B (0x52 bytes), align: 1
  Segment part 19.            Intra module refs:   IND_OutInt
           LOCAL                   ADDRESS         
           =====                   =======         
           IND_Conv                000004FA 
               RSTACK = 00000000 ( 00000004 )
               CSTACK = 00000000 ( 00000003 )
    -------------------------------------------------------------------------
CODE
  Segment part 20. NOT NEEDED.
           LOCAL                   ADDRESS         
           =====                   =======         
           IND_ConvFormat          
    -------------------------------------------------------------------------
CODE
  Relative segment, address: CODE 0000054C - 0000057D (0x32 bytes), align: 1
  Segment part 21.            Intra module refs:   IND_OutInt
           LOCAL                   ADDRESS         
           =====                   =======         
           IND_Comma               0000054C 
               RSTACK = 00000000 ( 00000002 )
    -------------------------------------------------------------------------
CODE
  Segment part 22. NOT NEEDED.
           ENTRY                   ADDRESS         REF BY
           =====                   =======         ======
           IND_OutSym              
    -------------------------------------------------------------------------
CODE
  Segment part 23. NOT NEEDED.
           ENTRY                   ADDRESS         REF BY
           =====                   =======         ======
           IND_OutUint             
               calls direct
    -------------------------------------------------------------------------
CODE
  Relative segment, address: CODE 0000057E - 000005AF (0x32 bytes), align: 1
  Segment part 24.
           ENTRY                   ADDRESS         REF BY
           =====                   =======         ======
           IND_OutInt              0000057E        Show_Temp1 (main)
                                                   Show_Temp2 (main)
               calls direct
               RSTACK = 00000000 ( 00000002 )
               CSTACK = 00000000 ( 00000002 )
    -------------------------------------------------------------------------
CODE
  Segment part 25. NOT NEEDED.
           ENTRY                   ADDRESS         REF BY
           =====                   =======         ======
           IND_OutUintFormat       
               calls direct
    -------------------------------------------------------------------------
CODE
  Segment part 26. NOT NEEDED.
           ENTRY                   ADDRESS         REF BY
           =====                   =======         ======
           IND_OutIntFormat        
               calls direct
    -------------------------------------------------------------------------
CODE
  Segment part 27. NOT NEEDED.
           ENTRY                   ADDRESS         REF BY
           =====                   =======         ======
           IND_BlinkMask           
    -------------------------------------------------------------------------
CODE
  Relative segment, address: CODE 000005B0 - 00000643 (0x94 bytes), align: 1
  Segment part 28.
           ENTRY                   ADDRESS         REF BY
           =====                   =======         ======
           IND_Update              000005B0        Update_7SegmentIND (main)
               RSTACK = 00000000 ( 00000004 )
    -------------------------------------------------------------------------
TINY_Z
  Relative segment, address: DATA 0000009C - 0000009C (0x1 bytes), align: 0
  Segment part 17.            Intra module refs:   IND_Update
           LOCAL                   ADDRESS         
           =====                   =======         
           IND_Update::count       0000009C 
    -------------------------------------------------------------------------
CODE
  Segment part 29. NOT NEEDED.
           ENTRY                   ADDRESS         REF BY
           =====                   =======         ======
           IND_Clear               
    -------------------------------------------------------------------------
ABSOLUTE
  Segment part 5. TENTATIVE. Used definition from 1-wire
           ENTRY                   ADDRESS         REF BY
           =====                   =======         ======
           __?EECR                 
    -------------------------------------------------------------------------
ABSOLUTE
  Segment part 6. TENTATIVE. Used definition from 1-wire
           ENTRY                   ADDRESS         REF BY
           =====                   =======         ======
           __?EEDR                 
    -------------------------------------------------------------------------
ABSOLUTE
  Segment part 7. TENTATIVE. Used definition from 1-wire
           ENTRY                   ADDRESS         REF BY
           =====                   =======         ======
           __?EEARL                
    -------------------------------------------------------------------------
ABSOLUTE
  Segment part 8. TENTATIVE. Used definition from 1-wire
           ENTRY                   ADDRESS         REF BY
           =====                   =======         ======
           __?EEARH                
    -------------------------------------------------------------------------
CSTACK
  Segment part 9. NOT NEEDED.
    -------------------------------------------------------------------------
RSTACK
  Segment part 10. NOT NEEDED.
    -------------------------------------------------------------------------
INITTAB
  Segment part 12. TENTATIVE. Used definition from EERTOS
           ENTRY                   ADDRESS         REF BY
           =====                   =======         ======
           ?<Segment init: TINY_Z>
                                   
    -------------------------------------------------------------------------
TINY_ID
  Relative segment, address: CODE 000008FC - 00000905 (0xa bytes), align: 0
  Segment part 14.            Intra module refs:   number
    -------------------------------------------------------------------------
INITTAB
  Relative segment, address: CODE 0000002C - 00000031 (0x6 bytes), align: 0
  Segment part 15.            Intra module refs:   number
           ENTRY                   ADDRESS         REF BY
           =====                   =======         ======
           ?<Segment init: TINY_I>
                                   0000002C 

    *************************************************************************

  FILE NAME : C:\GDrive\radio\my_project\dynamic_LED_thermostat_2DS18b20\dynamic_LED_thermostat_2DS18b20_iar_dh_ind\Debug\Obj\main.r90
  PROGRAM MODULE, NAME : main

  SEGMENTS IN THE MODULE
  ======================
TINY_Z
  Relative segment, address: DATA 0000009D - 000000A0 (0x4 bytes), align: 0
  Segment part 8.             Intra module refs:   Get_Result_ds18b20
                                                   Show_Temp1
                                                   Show_Temp2
           ENTRY                   ADDRESS         REF BY
           =====                   =======         ======
           temper                  0000009D 
    -------------------------------------------------------------------------
TINY_Z
  Relative segment, address: DATA 000000A1 - 000000B0 (0x10 bytes), align: 0
  Segment part 10.            Intra module refs:   Get_Result_ds18b20
                                                   Search_ds18b20
           ENTRY                   ADDRESS         REF BY
           =====                   =======         ======
           rom_codes               000000A1 
    -------------------------------------------------------------------------
TINY_Z
  Relative segment, address: DATA 000000B1 - 000000B1 (0x1 bytes), align: 0
  Segment part 11.            Intra module refs:   Get_Result_ds18b20
                                                   Search_ds18b20
                                                   Show_Temp1
           ENTRY                   ADDRESS         REF BY
           =====                   =======         ======
           devices                 000000B1 
    -------------------------------------------------------------------------
TINY_Z
  Relative segment, address: DATA 000000B2 - 000000B2 (0x1 bytes), align: 0
  Segment part 12.            Intra module refs:   Get_Result_ds18b20
           ENTRY                   ADDRESS         REF BY
           =====                   =======         ======
           result                  000000B2 
    -------------------------------------------------------------------------
TINY_Z
  Relative segment, address: DATA 000000B3 - 000000B3 (0x1 bytes), align: 0
  Segment part 13.            Intra module refs:   Get_Result_ds18b20
           ENTRY                   ADDRESS         REF BY
           =====                   =======         ======
           i                       000000B3 
    -------------------------------------------------------------------------
CODE
  Relative segment, address: CODE 00000644 - 00000687 (0x44 bytes), align: 1
  Segment part 14.            Intra module refs:   RTOS_ISR_func::??INTVEC 6
           ENTRY                   ADDRESS         REF BY
           =====                   =======         ======
           RTOS_ISR_func           00000644 
               interrupt function
               calls direct
               RSTACK = 00000000 ( 00000002 )
               CSTACK = 00000000 ( 0000000F )
    -------------------------------------------------------------------------
CODE
  Relative segment, address: CODE 00000688 - 00000695 (0xe bytes), align: 1
  Segment part 15.            Intra module refs:   main
           ENTRY                   ADDRESS         REF BY
           =====                   =======         ======
           Update_7SegmentIND      00000688 
               calls direct
               RSTACK = 00000000 ( 00000002 )
    -------------------------------------------------------------------------
CODE
  Relative segment, address: CODE 00000696 - 000006A7 (0x12 bytes), align: 1
  Segment part 16.            Intra module refs:   main
           ENTRY                   ADDRESS         REF BY
           =====                   =======         ======
           Search_ds18b20          00000696 
               calls direct
               RSTACK = 00000000 ( 00000002 )
    -------------------------------------------------------------------------
CODE
  Relative segment, address: CODE 000006A8 - 000006B5 (0xe bytes), align: 1
  Segment part 17.            Intra module refs:   Get_Result_ds18b20
                                                   main
           ENTRY                   ADDRESS         REF BY
           =====                   =======         ======
           Start_Conversion_ds18b20
                                   000006A8 
               calls direct
               RSTACK = 00000000 ( 00000002 )
    -------------------------------------------------------------------------
CODE
  Relative segment, address: CODE 000006B6 - 00000773 (0xbe bytes), align: 1
  Segment part 18.            Intra module refs:   Start_Conversion_ds18b20
           ENTRY                   ADDRESS         REF BY
           =====                   =======         ======
           Get_Result_ds18b20      000006B6 
               calls direct
               RSTACK = 00000000 ( 00000004 )
    -------------------------------------------------------------------------
CODE
  Relative segment, address: CODE 00000774 - 0000079F (0x2c bytes), align: 1
  Segment part 19.            Intra module refs:   Show_Temp2
                                                   main
           ENTRY                   ADDRESS         REF BY
           =====                   =======         ======
           Show_Temp1              00000774 
               calls direct
               RSTACK = 00000000 ( 00000002 )
    -------------------------------------------------------------------------
CODE
  Relative segment, address: CODE 000007A0 - 000007B7 (0x18 bytes), align: 1
  Segment part 20.            Intra module refs:   Show_Temp1
           ENTRY                   ADDRESS         REF BY
           =====                   =======         ======
           Show_Temp2              000007A0 
               calls direct
               RSTACK = 00000000 ( 00000002 )
    -------------------------------------------------------------------------
CODE
  Relative segment, address: CODE 000007B8 - 000007DD (0x26 bytes), align: 1
  Segment part 21.
           ENTRY                   ADDRESS         REF BY
           =====                   =======         ======
           main                    000007B8        ?cstartup_call_main (?C_STARTUP)
               calls direct
               RSTACK = 00000000 ( 00000002 )
    -------------------------------------------------------------------------
ABSOLUTE
  Segment part 1. TENTATIVE. Used definition from 1-wire
           ENTRY                   ADDRESS         REF BY
           =====                   =======         ======
           __?EECR                 
    -------------------------------------------------------------------------
ABSOLUTE
  Segment part 2. TENTATIVE. Used definition from 1-wire
           ENTRY                   ADDRESS         REF BY
           =====                   =======         ======
           __?EEDR                 
    -------------------------------------------------------------------------
ABSOLUTE
  Segment part 3. TENTATIVE. Used definition from 1-wire
           ENTRY                   ADDRESS         REF BY
           =====                   =======         ======
           __?EEARL                
    -------------------------------------------------------------------------
ABSOLUTE
  Segment part 4. TENTATIVE. Used definition from 1-wire
           ENTRY                   ADDRESS         REF BY
           =====                   =======         ======
           __?EEARH                
    -------------------------------------------------------------------------
INTVEC
  Common segment, address: CODE 00000000 - 00000007 (0x8 bytes), align: 1
  Segment part 5. ROOT 
           ENTRY                   ADDRESS         REF BY
           =====                   =======         ======
           RTOS_ISR_func::??INTVEC 6
                                   00000006 
    -------------------------------------------------------------------------
CSTACK
  Segment part 6. NOT NEEDED.
    -------------------------------------------------------------------------
RSTACK
  Segment part 7. NOT NEEDED.
    -------------------------------------------------------------------------
INITTAB
  Segment part 9. TENTATIVE. Used definition from EERTOS
           ENTRY                   ADDRESS         REF BY
           =====                   =======         ======
           ?<Segment init: TINY_Z>
                                   

    *************************************************************************

  FILE NAME : C:\GDrive\radio\my_project\dynamic_LED_thermostat_2DS18b20\dynamic_LED_thermostat_2DS18b20_iar_dh_ind\Debug\Obj\serial.r90
  PROGRAM MODULE, NAME : serial

  SEGMENTS IN THE MODULE
  ======================
ABSOLUTE
  Relative segment, address: DATA 00000029 - 00000029 (0x1 bytes), align: 0
  Segment part 1. ROOT 
           ENTRY                   ADDRESS         REF BY
           =====                   =======         ======
           _A_UBRRL                00000029 
           LOCAL                   ADDRESS         
           =====                   =======         
           UBRRL                   00000029 
    -------------------------------------------------------------------------
ABSOLUTE
  Relative segment, address: DATA 0000002A - 0000002A (0x1 bytes), align: 0
  Segment part 2. ROOT 
           ENTRY                   ADDRESS         REF BY
           =====                   =======         ======
           _A_UCSRB                0000002A 
           LOCAL                   ADDRESS         
           =====                   =======         
           UCSRB                   0000002A 
    -------------------------------------------------------------------------
ABSOLUTE
  Relative segment, address: DATA 0000002B - 0000002B (0x1 bytes), align: 0
  Segment part 3. ROOT 
           ENTRY                   ADDRESS         REF BY
           =====                   =======         ======
           _A_UCSRA                0000002B 
           LOCAL                   ADDRESS         
           =====                   =======         
           UCSRA                   0000002B 
    -------------------------------------------------------------------------
ABSOLUTE
  Relative segment, address: DATA 0000002C - 0000002C (0x1 bytes), align: 0
  Segment part 4. ROOT 
           ENTRY                   ADDRESS         REF BY
           =====                   =======         ======
           _A_UDR                  0000002C 
           LOCAL                   ADDRESS         
           =====                   =======         
           UDR                     0000002C 
    -------------------------------------------------------------------------
ABSOLUTE
  Relative segment, address: DATA 00000040 - 00000040 (0x1 bytes), align: 0
  Segment part 5. ROOT 
           ENTRY                   ADDRESS         REF BY
           =====                   =======         ======
           _A_UBRRH                00000040 
           LOCAL                   ADDRESS         
           =====                   =======         
           UBRRH                   00000040 
           UCSRC                   00000040 
    -------------------------------------------------------------------------
CODE
  Segment part 19. NOT NEEDED.
           ENTRY                   ADDRESS         REF BY
           =====                   =======         ======
           uart_init               
    -------------------------------------------------------------------------
CODE
  Segment part 20. NOT NEEDED.
           ENTRY                   ADDRESS         REF BY
           =====                   =======         ======
           uart_putc               
    -------------------------------------------------------------------------
CODE
  Segment part 21. NOT NEEDED.
           ENTRY                   ADDRESS         REF BY
           =====                   =======         ======
           uart_putvc              
               calls direct
    -------------------------------------------------------------------------
CODE
  Segment part 22. NOT NEEDED.
           ENTRY                   ADDRESS         REF BY
           =====                   =======         ======
           uart_putvi              
               calls direct
    -------------------------------------------------------------------------
CODE
  Segment part 23. NOT NEEDED.
           ENTRY                   ADDRESS         REF BY
           =====                   =======         ======
           uart_putvh              
               calls direct
    -------------------------------------------------------------------------
CODE
  Segment part 24. NOT NEEDED.
           ENTRY                   ADDRESS         REF BY
           =====                   =======         ======
           uart_puts               
               calls direct
    -------------------------------------------------------------------------
CODE
  Segment part 25. NOT NEEDED.
           ENTRY                   ADDRESS         REF BY
           =====                   =======         ======
           uart_putsf              
               calls direct
    -------------------------------------------------------------------------
ABSOLUTE
  Segment part 6. TENTATIVE. Used definition from 1-wire
           ENTRY                   ADDRESS         REF BY
           =====                   =======         ======
           __?EECR                 
    -------------------------------------------------------------------------
ABSOLUTE
  Segment part 7. TENTATIVE. Used definition from 1-wire
           ENTRY                   ADDRESS         REF BY
           =====                   =======         ======
           __?EEDR                 
    -------------------------------------------------------------------------
ABSOLUTE
  Segment part 8. TENTATIVE. Used definition from 1-wire
           ENTRY                   ADDRESS         REF BY
           =====                   =======         ======
           __?EEARL                
    -------------------------------------------------------------------------
ABSOLUTE
  Segment part 9. TENTATIVE. Used definition from 1-wire
           ENTRY                   ADDRESS         REF BY
           =====                   =======         ======
           __?EEARH                
    -------------------------------------------------------------------------
CSTACK
  Segment part 10. NOT NEEDED.
    -------------------------------------------------------------------------
RSTACK
  Segment part 11. NOT NEEDED.
    -------------------------------------------------------------------------
TINY_ID
  Segment part 13. NOT NEEDED.
    -------------------------------------------------------------------------
INITTAB
  Segment part 14. TENTATIVE. Used definition from indicator_2f
           ENTRY                   ADDRESS         REF BY
           =====                   =======         ======
           ?<Segment init: TINY_I>
                                   
    -------------------------------------------------------------------------
TINY_ID
  Segment part 16. NOT NEEDED.
    -------------------------------------------------------------------------
TINY_ID
  Segment part 18. NOT NEEDED.
    -------------------------------------------------------------------------
TINY_I
  Segment part 12. NOT NEEDED.
    -------------------------------------------------------------------------
TINY_I
  Segment part 15. NOT NEEDED.
    -------------------------------------------------------------------------
TINY_I
  Segment part 17. NOT NEEDED.

    *************************************************************************

  FILE NAME : C:\Program Files (x86)\IAR Systems\Embedded Workbench 7.0\avr\LIB\DLIB\dlAVR-1t-ec_mul-n.r90
  LIBRARY MODULE, NAME : ?abort

  SEGMENTS IN THE MODULE
  ======================
CODE
  Segment part 3. NOT NEEDED.
           ENTRY                   ADDRESS         REF BY
           =====                   =======         ======
           abort                   
               calls direct
    -------------------------------------------------------------------------
CSTACK
  Segment part 1. NOT NEEDED.
    -------------------------------------------------------------------------
RSTACK
  Segment part 2. NOT NEEDED.

    -------------------------------------------------------------------------
  LIBRARY MODULE, NAME : ?__dbg_break

  SEGMENTS IN THE MODULE
  ======================
CODE
  Relative segment, address: CODE 000007DE - 000007DF (0x2 bytes), align: 1
  Segment part 3.
           ENTRY                   ADDRESS         REF BY
           =====                   =======         ======
           __DebugBreak            000007DE        __exit (?__exit)
    -------------------------------------------------------------------------
CSTACK
  Segment part 1. NOT NEEDED.
    -------------------------------------------------------------------------
RSTACK
  Segment part 2. NOT NEEDED.

    -------------------------------------------------------------------------
  LIBRARY MODULE, NAME : ?__dwrite

  SEGMENTS IN THE MODULE
  ======================
CODE
  Segment part 3. NOT NEEDED.
           ENTRY                   ADDRESS         REF BY
           =====                   =======         ======
           __dwrite                
               calls direct
    -------------------------------------------------------------------------
CSTACK
  Segment part 1. NOT NEEDED.
    -------------------------------------------------------------------------
RSTACK
  Segment part 2. NOT NEEDED.

    -------------------------------------------------------------------------
  LIBRARY MODULE, NAME : ?__exit

  SEGMENTS IN THE MODULE
  ======================
CODE
  Relative segment, address: CODE 000007E0 - 000007F1 (0x12 bytes), align: 1
  Segment part 3.
           ENTRY                   ADDRESS         REF BY
           =====                   =======         ======
           __exit                  000007E0        Segment part 5 (?_exit)
               calls direct
    -------------------------------------------------------------------------
CSTACK
  Segment part 1. NOT NEEDED.
    -------------------------------------------------------------------------
RSTACK
  Segment part 2. NOT NEEDED.

    -------------------------------------------------------------------------
  LIBRARY MODULE, NAME : ?__write

  SEGMENTS IN THE MODULE
  ======================
CODE
  Segment part 3. NOT NEEDED.
           ENTRY                   ADDRESS         REF BY
           =====                   =======         ======
           __write                 
               calls direct
    -------------------------------------------------------------------------
CSTACK
  Segment part 1. NOT NEEDED.
    -------------------------------------------------------------------------
RSTACK
  Segment part 2. NOT NEEDED.

    -------------------------------------------------------------------------
  LIBRARY MODULE, NAME : ?_exit

  SEGMENTS IN THE MODULE
  ======================
CODE
  Relative segment, address: CODE 000007F2, align: 1
  Segment part 0.
           ENTRY                   ADDRESS         REF BY
           =====                   =======         ======
           _exit                   000007F2        ?cstartup_call_main (?C_STARTUP)
                                                   exit (?exit)
    -------------------------------------------------------------------------
CODE
  Segment part 1. NOT NEEDED.
    -------------------------------------------------------------------------
CODE
  Segment part 2. NOT NEEDED.
           ENTRY                   ADDRESS         REF BY
           =====                   =======         ======
           __cstart_call_dtors     
    -------------------------------------------------------------------------
CODE
  Segment part 3. NOT NEEDED.
           ENTRY                   ADDRESS         REF BY
           =====                   =======         ======
           __cstart_closeall       
    -------------------------------------------------------------------------
CODE
  Segment part 4. NOT NEEDED.
    -------------------------------------------------------------------------
CODE
  Relative segment, address: CODE 000007F2 - 000007F3 (0x2 bytes), align: 1
  Segment part 5.             Intra module refs:   _exit

    -------------------------------------------------------------------------
  LIBRARY MODULE, NAME : ?cppinit

  SEGMENTS IN THE MODULE
  ======================
CODE
  Segment part 5. NOT NEEDED.
           ENTRY                   ADDRESS         REF BY
           =====                   =======         ======
           __call_ctors            
               calls indirect
    -------------------------------------------------------------------------
CODE
  Segment part 6. NOT NEEDED.
           ENTRY                   ADDRESS         REF BY
           =====                   =======         ======
           __alloc_record_needed_destruction
                                   
               calls direct
    -------------------------------------------------------------------------
TINY_Z
  Segment part 3. NOT NEEDED.
    -------------------------------------------------------------------------
CODE
  Segment part 7. NOT NEEDED.
           ENTRY                   ADDRESS         REF BY
           =====                   =======         ======
           __record_needed_destruction
                                   
               calls direct
    -------------------------------------------------------------------------
CODE
  Segment part 8. NOT NEEDED.
           ENTRY                   ADDRESS         REF BY
           =====                   =======         ======
           __call_dtors            
               calls indirect
    -------------------------------------------------------------------------
CODE
  Segment part 9. NOT NEEDED.
           ENTRY                   ADDRESS         REF BY
           =====                   =======         ======
           __tiny_vec_cctor        
               calls indirect
    -------------------------------------------------------------------------
CODE
  Segment part 10. NOT NEEDED.
           ENTRY                   ADDRESS         REF BY
           =====                   =======         ======
           __near_vec_cctor        
               calls indirect
    -------------------------------------------------------------------------
CSTACK
  Segment part 1. NOT NEEDED.
    -------------------------------------------------------------------------
RSTACK
  Segment part 2. NOT NEEDED.
    -------------------------------------------------------------------------
INITTAB
  Segment part 4. TENTATIVE. Used definition from EERTOS
           ENTRY                   ADDRESS         REF BY
           =====                   =======         ======
           ?<Segment init: TINY_Z>
                                   

    -------------------------------------------------------------------------
  LIBRARY MODULE, NAME : ?RESET

  SEGMENTS IN THE MODULE
  ======================
INTVEC
  Common segment, address: CODE 00000000 - 00000001 (0x2 bytes), align: 1
  Segment part 0. ROOT 
           ENTRY                   ADDRESS         REF BY
           =====                   =======         ======
           __program_start         00000000        Absolute parts (?ABS_ENTRY_MOD)
           ?RESET                  00000000        Segment part 2 (?C_STARTUP)

    -------------------------------------------------------------------------
  LIBRARY MODULE, NAME : ?C_STARTUP

  SEGMENTS IN THE MODULE
  ======================
CSTACK
  Segment part 0. NOT NEEDED.
    -------------------------------------------------------------------------
RSTACK
  Segment part 1. NOT NEEDED.
    -------------------------------------------------------------------------
CODE
  Relative segment, address: CODE 000007F4, align: 1
  Segment part 2.
           ENTRY                   ADDRESS         REF BY
           =====                   =======         ======
           ?C_STARTUP              000007F4        Segment part 0 (?RESET)
           __RESTART               000007F4 
    -------------------------------------------------------------------------
CODE
  Segment part 3. NOT NEEDED.
           ENTRY                   ADDRESS         REF BY
           =====                   =======         ======
           __RSTACK_in_external_ram
                                   
    -------------------------------------------------------------------------
CODE
  Segment part 4. NOT NEEDED.
           ENTRY                   ADDRESS         REF BY
           =====                   =======         ======
           __RSTACK_in_external_ram_new_way
                                   
    -------------------------------------------------------------------------
CODE
  Relative segment, address: CODE 000007F4 - 000007FF (0xc bytes), align: 1
  Segment part 5.             Intra module refs:   Segment part 2
    -------------------------------------------------------------------------
CODE
  Segment part 6. NOT NEEDED.
           ENTRY                   ADDRESS         REF BY
           =====                   =======         ======
           ?zero_reg_initialization
                                   
    -------------------------------------------------------------------------
CODE
  Relative segment, address: CODE 00000800 - 00000801 (0x2 bytes), align: 1
  Segment part 7.             Intra module refs:   Segment part 5
           ENTRY                   ADDRESS         REF BY
           =====                   =======         ======
[...]
           ENTRY                   ADDRESS         REF BY
           =====                   =======         ======
           __near_free             
    -------------------------------------------------------------------------
CODE
  Segment part 6. NOT NEEDED.
    -------------------------------------------------------------------------
CODE
  Segment part 7. NOT NEEDED.
    -------------------------------------------------------------------------
CSTACK
  Segment part 1. NOT NEEDED.
    -------------------------------------------------------------------------
RSTACK
  Segment part 2. NOT NEEDED.

    -------------------------------------------------------------------------
  LIBRARY MODULE, NAME : ?xxmemxmalloc

  SEGMENTS IN THE MODULE
  ======================
NEAR_Z
  Segment part 5. NOT NEEDED.
           ENTRY                   ADDRESS         REF BY
           =====                   =======         ======
           __near_Aldata           
    -------------------------------------------------------------------------
TINY_Z
  Segment part 3. NOT NEEDED.
           ENTRY                   ADDRESS         REF BY
           =====                   =======         ======
           __tiny_Aldata           
    -------------------------------------------------------------------------
CODE
  Segment part 7. NOT NEEDED.
           LOCAL                   ADDRESS         
           =====                   =======         
           __tiny_findmem          
               calls direct
    -------------------------------------------------------------------------
CODE
  Segment part 8. NOT NEEDED.
    -------------------------------------------------------------------------
CODE
  Segment part 9. NOT NEEDED.
    -------------------------------------------------------------------------
CODE
  Segment part 10. NOT NEEDED.
    -------------------------------------------------------------------------
CODE
  Segment part 11. NOT NEEDED.
    -------------------------------------------------------------------------
CODE
  Segment part 12. NOT NEEDED.
           LOCAL                   ADDRESS         
           =====                   =======         
           __near_findmem          
               calls direct
    -------------------------------------------------------------------------
CODE
  Segment part 13. NOT NEEDED.
    -------------------------------------------------------------------------
CODE
  Segment part 14. NOT NEEDED.
    -------------------------------------------------------------------------
CODE
  Segment part 15. NOT NEEDED.
    -------------------------------------------------------------------------
CODE
  Segment part 16. NOT NEEDED.
    -------------------------------------------------------------------------
CODE
  Segment part 17. NOT NEEDED.
           ENTRY                   ADDRESS         REF BY
           =====                   =======         ======
           __tiny_malloc           
               calls direct
    -------------------------------------------------------------------------
CODE
  Segment part 18. NOT NEEDED.
           ENTRY                   ADDRESS         REF BY
           =====                   =======         ======
           __near_malloc           
               calls direct
    -------------------------------------------------------------------------
CSTACK
  Segment part 1. NOT NEEDED.
    -------------------------------------------------------------------------
RSTACK
  Segment part 2. NOT NEEDED.
    -------------------------------------------------------------------------
INITTAB
  Segment part 4. TENTATIVE. Used definition from EERTOS
           ENTRY                   ADDRESS         REF BY
           =====                   =======         ======
           ?<Segment init: TINY_Z>
                                   
    -------------------------------------------------------------------------
INITTAB
  Segment part 6. NOT NEEDED.
           ENTRY                   ADDRESS         REF BY
           =====                   =======         ======
           ?<Segment init: NEAR_Z>
                                   

    *************************************************************************

  DEFINED ABSOLUTE ENTRIES
  PROGRAM MODULE, NAME : ?FILLER_BYTES

  SEGMENTS IN THE MODULE
  ======================
INTVEC
  Common segment, address: CODE 00000000 - 00000007 (0x8 bytes), align: 0
  Segment part 1.
    -------------------------------------------------------------------------
?FILL1
  Relative segment, address: CODE 00000008 - 00000025 (0x1e bytes), align: 0
  Segment part 0.




                ****************************************
                *                                      *
                *            MODULE SUMMARY            *
                *                                      *
                ****************************************

Module               CODE      DATA
------               ----      ----
                    (Rel)  (Rel)  (Abs)
1-wire                228             1
  + shared                            2
?C_STARTUP             26
?EPILOGUE_B_L09        42
?FILLER_BYTES          30
  + common              8
?PROLOGUE_L09          34
?RESET
  + common              2
?SS_SHR_L02            10
?S_EC_MUL_L02          16
?S_SHL_L02             10
?US_DIVMOD_L02         40
?__dbg_break            2
?__exit                18
?_exit                  2
?exit                   2
?low_level_init         4
?segment_init          80
CRC                    50
EERTOS                464     46
  + shared              6
EERTOSHAL              20             4
HAL                    10             2
ds18b20               382
indicator_2f          410     15      2
  + shared              6
main                  410     23
  + common              8
serial                                5
N/A (command line)            72
N/A (alignment)
----------          -----    ---     --
Total:              2 302    156     16
  + common              8


                ****************************************
                *                                      *
                *              CALL GRAPH              *
                *                                      *
                ****************************************

  ->Sub-tree of type: Interrupt function tree that does not make
                    : indirect calls
                             RSTACK   CSTACK
    | Stack used (prev) :  00000000 00000000
  03      SetTask
          | Stack used (prev) :  00000000 00000000
          | + function block  :  00000002 00000000
  02    TimerService
        | Stack used (prev) :  00000002 00000000
        | + function block  :  00000002 00000001
  01  RTOS_ISR_func
      | Stack used (prev) :  00000004 00000001
      | + function block  :  00000002 0000000F
  <-Sub-tree of type: Interrupt function tree that does not make
                    : indirect calls
    | Stack used          :  00000006 00000010


  ->Sub-tree of type: Indirectly called function tree that does not make
                    : indirect calls (Is not an interrupt and is not flagged
                    : as not overlayable)
                             RSTACK   CSTACK
    | Stack used (prev) :  00000006 00000010
  01  Idle
      | Stack used (prev) :  00000006 00000010
      | + function block  :  00000002 00000000
  <-Sub-tree of type: Indirectly called function tree that does not make
                    : indirect calls (Is not an interrupt and is not flagged
                    : as not overlayable)
    | Stack used          :  00000008 00000010


  ->Sub-tree of type: Indirectly called function tree that does not make
                    : indirect calls (Is not an interrupt and is not flagged
                    : as not overlayable)
                             RSTACK   CSTACK
    | Stack used (prev) :  00000006 00000010
  02    IND_Update
        | Stack used (prev) :  00000006 00000010
        | + function block  :  00000004 00000000
  02    SetTimerTask
        | Stack used (prev) :  00000006 00000010
        | + function block  :  00000002 00000000
  01  Update_7SegmentIND
      | Stack used (prev) :  0000000A 00000010
      | + function block  :  00000002 00000000
  <-Sub-tree of type: Indirectly called function tree that does not make
                    : indirect calls (Is not an interrupt and is not flagged
                    : as not overlayable)
    | Stack used          :  0000000C 00000010


  ->Sub-tree of type: Indirectly called function tree that does not make
                    : indirect calls (Is not an interrupt and is not flagged
                    : as not overlayable)
                             RSTACK   CSTACK
    | Stack used (prev) :  00000006 00000010
  02    SetTimerTask
        | Stack used (prev) :  00000006 00000010
        | + function block  :  00000002 00000000
        |  Already listed
  03      One_Wire_Read_Bit
          | Stack used (prev) :  00000006 00000010
          | + function block  :  00000002 00000000
  03      One_Wire_Write_Bit
          | Stack used (prev) :  00000006 00000010
          | + function block  :  00000002 00000000
  04        One_Wire_Write_Bit
            | Stack used (prev) :  00000006 00000010
            | + function block  :  00000002 00000000
            |  Already listed
  03      One_Wire_Write_Byte
          | Stack used (prev) :  00000006 00000010
          | + function block  :  00000004 00000002
  03      One_Wire_Reset
          | Stack used (prev) :  00000006 00000010
          | + function block  :  00000002 00000000
  02    DS18B20_Search_Rom
        | Stack used (prev) :  0000000A 00000012
        | + function block  :  00000002 00000012
  01  Search_ds18b20
      | Stack used (prev) :  0000000C 00000024
      | + function block  :  00000002 00000000
  <-Sub-tree of type: Indirectly called function tree that does not make
                    : indirect calls (Is not an interrupt and is not flagged
                    : as not overlayable)
    | Stack used          :  0000000E 00000024


  ->Sub-tree of type: Indirectly called function tree that does not make
                    : indirect calls (Is not an interrupt and is not flagged
                    : as not overlayable)
                             RSTACK   CSTACK
    | Stack used (prev) :  00000006 00000010
  02    SetTimerTask
        | Stack used (prev) :  00000006 00000010
        | + function block  :  00000002 00000000
        |  Already listed
  04        One_Wire_Read_Bit
            | Stack used (prev) :  00000006 00000010
            | + function block  :  00000002 00000000
            |  Already listed
  03      One_Wire_Read_Byte
          | Stack used (prev) :  00000006 00000010
          | + function block  :  00000004 00000002
  03      One_Wire_Write_Byte
          | Stack used (prev) :  00000006 00000010
          | + function block  :  00000004 00000002
          |  Already listed
  03      One_Wire_Reset
          | Stack used (prev) :  00000006 00000010
          | + function block  :  00000002 00000000
          |  Already listed
  02    DS18B20_Start_Conversion_Skip_Rom
        | Stack used (prev) :  0000000A 00000012
        | + function block  :  00000002 00000000
  01  Start_Conversion_ds18b20
      | Stack used (prev) :  0000000C 00000012
      | + function block  :  00000002 00000000
  <-Sub-tree of type: Indirectly called function tree that does not make
                    : indirect calls (Is not an interrupt and is not flagged
                    : as not overlayable)
    | Stack used          :  0000000E 00000012


  ->Sub-tree of type: Indirectly called function tree that does not make
                    : indirect calls (Is not an interrupt and is not flagged
                    : as not overlayable)
                             RSTACK   CSTACK
    | Stack used (prev) :  00000006 00000010
  02    SetTimerTask
        | Stack used (prev) :  00000006 00000010
        | + function block  :  00000002 00000000
        |  Already listed
  03      Crc8Dallas
          | Stack used (prev) :  00000006 00000010
          | + function block  :  00000002 00000000
  03      One_Wire_Read_Byte
          | Stack used (prev) :  00000006 00000010
          | + function block  :  00000004 00000002
          |  Already listed
  03      One_Wire_Write_Byte
          | Stack used (prev) :  00000006 00000010
          | + function block  :  00000004 00000002
          |  Already listed
  03      One_Wire_Reset
          | Stack used (prev) :  00000006 00000010
          | + function block  :  00000002 00000000
          |  Already listed
  02    DS18B20_Get_Conversion_Result_by_ROM_CRC
        | Stack used (prev) :  0000000A 00000012
        | + function block  :  00000002 0000000C
  01  Get_Result_ds18b20
      | Stack used (prev) :  0000000C 0000001E
      | + function block  :  00000002 00000000
  <-Sub-tree of type: Indirectly called function tree that does not make
                    : indirect calls (Is not an interrupt and is not flagged
                    : as not overlayable)
    | Stack used          :  0000000E 0000001E


  ->Sub-tree of type: Indirectly called function tree that does not make
                    : indirect calls (Is not an interrupt and is not flagged
                    : as not overlayable)
                             RSTACK   CSTACK
    | Stack used (prev) :  00000006 00000010
  03      IND_Comma
          | Stack used (prev) :  00000006 00000010
          | + function block  :  00000002 00000000
  03      IND_Conv
          | Stack used (prev) :  00000006 00000010
          | + function block  :  00000004 00000003
  02    IND_OutInt
        | Stack used (prev) :  0000000A 00000013
        | + function block  :  00000002 00000002
  02    SetTimerTask
        | Stack used (prev) :  00000006 00000010
        | + function block  :  00000002 00000000
        |  Already listed
  01  Show_Temp1
      | Stack used (prev) :  0000000C 00000015
      | + function block  :  00000002 00000000
  <-Sub-tree of type: Indirectly called function tree that does not make
                    : indirect calls (Is not an interrupt and is not flagged
                    : as not overlayable)
    | Stack used          :  0000000E 00000015


  ->Sub-tree of type: Indirectly called function tree that does not make
                    : indirect calls (Is not an interrupt and is not flagged
                    : as not overlayable)
                             RSTACK   CSTACK
    | Stack used (prev) :  00000006 00000010
  02    IND_OutInt
        | Stack used (prev) :  0000000A 00000013
        | + function block  :  00000002 00000002
        |  Already listed
  02    SetTimerTask
        | Stack used (prev) :  00000006 00000010
        | + function block  :  00000002 00000000
        |  Already listed
  01  Show_Temp2
      | Stack used (prev) :  0000000C 00000015
      | + function block  :  00000002 00000000
  <-Sub-tree of type: Indirectly called function tree that does not make
                    : indirect calls (Is not an interrupt and is not flagged
                    : as not overlayable)
    | Stack used          :  0000000E 00000015


  ->Sub-tree of type: Function tree
                             RSTACK   CSTACK
    | Stack used (prev) :  0000000E 00000024
  02    IND_Init
        | Stack used (prev) :  0000000E 00000024
        | + function block  :  00000002 00000000
  02    InitAll
        | Stack used (prev) :  0000000E 00000024
        | + function block  :  00000002 00000000
  02    RunRTOS
        | Stack used (prev) :  0000000E 00000024
        | + function block  :  00000002 00000000
  03      Idle
          | Stack used (prev) :  00000006 00000010
          | + function block  :  00000002 00000000
          |  Already listed
  02    TaskManager
        | Stack used (prev) :  0000000E 00000024
        | + function block  :  00000002 00000000
  02    SetTask
        | Stack used (prev) :  00000000 00000000
        | + function block  :  00000002 00000000
        |  Already listed
  02    InitRTOS
        | Stack used (prev) :  0000000E 00000024
        | + function block  :  00000002 00000000
  01  main
      | Stack used (prev) :  00000010 00000024
      | + function block  :  00000002 00000000
  <-Sub-tree of type: Function tree
    | Stack used          :  00000012 00000024


  ->Sub-tree of type: Function tree
                             RSTACK   CSTACK
    | Stack used (prev) :  00000012 00000024
  01  exit
      | Stack used (prev) :  00000012 00000024
      | + function block  :  00000002 00000000
  <-Sub-tree of type: Function tree
    | Stack used          :  00000014 00000024


  ->Sub-tree of type: Function tree
                             RSTACK   CSTACK
    | Stack used (prev) :  00000014 00000024
  01  __low_level_init
      | Stack used (prev) :  00000014 00000024
      | + function block  :  00000002 00000000
  <-Sub-tree of type: Function tree
    | Stack used          :  00000016 00000024


  ->Sub-tree of type: Function tree
                             RSTACK   CSTACK
    | Stack used (prev) :  00000016 00000024
  02    __flashcpy
        | Stack used (prev) :  00000016 00000024
        | + function block  :  00000002 00000000
  02    __memclr
        | Stack used (prev) :  00000016 00000024
        | + function block  :  00000002 00000000
  01  __segment_init
      | Stack used (prev) :  00000018 00000024
      | + function block  :  00000002 00000000
  <-Sub-tree of type: Function tree
    | Stack used          :  0000001A 00000024




                ****************************************
                *                                      *
                *      SEGMENTS IN ADDRESS ORDER       *
                *                                      *
                ****************************************


SEGMENT              SPACE    START ADDRESS   END ADDRESS     SIZE  TYPE  ALIGN
=======              =====    =============   ===========     ====  ====  =====
INTVEC               CODE          00000000 - 00000007           8   com    1
?FILL1               CODE          00000008 - 00000025          1E   rel    0
INITTAB              CODE          00000026 - 00000031           C   rel    0
CODE                 CODE          00000032 - 000008FB         8CA   rel    1
TINY_ID              CODE          000008FC - 00000905           A   rel    0
ABSOLUTE             DATA               0000001C                     rel    0
                     DATA               0000001D                   
                     DATA               0000001E                   
                     DATA               0000001F                   
                     DATA          00000029 - 0000002C           4 
                     DATA          00000030 - 00000032           3 
                     DATA          00000034 - 00000035           2 
                     DATA          00000037 - 00000038           2 
                     DATA          00000040 - 00000040           1 
                     DATA          00000043 - 00000045           3 
                     DATA          00000059 - 00000059           1 
TINY_I               DATA          00000060 - 00000069           A   rel    0
TINY_Z               DATA          0000006A - 000000B3          4A   rel    0
CSTACK               DATA          000000B4 - 000000DB          28   dse    0
RSTACK               DATA          000000DC - 000000FB          20   dse    0

                ****************************************
                *                                      *
                *        END OF CROSS REFERENCE        *
                *                                      *
                ****************************************

 2 280 bytes of CODE memory (+             30 range fill )
   156 bytes of DATA memory (+ 16 absolute )

Errors: none
Warnings: none

